

================================================================
== Vivado HLS Report for 'axpy_1'
================================================================
* Date:           Sun Jul 10 16:38:12 2022

* Version:        2019.1 (Build 2552052 on Fri May 24 15:28:33 MDT 2019)
* Project:        HLS_BIO_NICA
* Solution:       solution1
* Product family: zynq
* Target device:  xc7z020-clg400-1


================================================================
== Performance Estimates
================================================================
+ Timing (ns): 
    * Summary: 
    +--------+-------+----------+------------+
    |  Clock | Target| Estimated| Uncertainty|
    +--------+-------+----------+------------+
    |ap_clk  |  10.00|     8.256|        1.25|
    +--------+-------+----------+------------+

+ Latency (clock cycles): 
    * Summary: 
    +-----+-----+-----+-----+---------+
    |  Latency  |  Interval | Pipeline|
    | min | max | min | max |   Type  |
    +-----+-----+-----+-----+---------+
    |    1|   31|    1|   31|   none  |
    +-----+-----+-----+-----+---------+

    + Detail: 
        * Instance: 
        N/A

        * Loop: 
        +----------+-----+-----+----------+-----------+-----------+-------+----------+
        |          |  Latency  | Iteration|  Initiation Interval  |  Trip |          |
        | Loop Name| min | max |  Latency |  achieved |   target  | Count | Pipelined|
        +----------+-----+-----+----------+-----------+-----------+-------+----------+
        |- Loop 1  |    0|   30|        10|          -|          -| 0 ~ 3 |    no    |
        +----------+-----+-----+----------+-----------+-----------+-------+----------+



================================================================
== Utilization Estimates
================================================================
* Summary: 
+-----------------+---------+-------+--------+-------+-----+
|       Name      | BRAM_18K| DSP48E|   FF   |  LUT  | URAM|
+-----------------+---------+-------+--------+-------+-----+
|DSP              |        -|      -|       -|      -|    -|
|Expression       |        -|      -|       0|     44|    -|
|FIFO             |        -|      -|       -|      -|    -|
|Instance         |        -|      5|     348|    811|    -|
|Memory           |        -|      -|       -|      -|    -|
|Multiplexer      |        -|      -|       -|    143|    -|
|Register         |        -|      -|      95|      -|    -|
+-----------------+---------+-------+--------+-------+-----+
|Total            |        0|      5|     443|    998|    0|
+-----------------+---------+-------+--------+-------+-----+
|Available        |      280|    220|  106400|  53200|    0|
+-----------------+---------+-------+--------+-------+-----+
|Utilization (%)  |        0|      2|   ~0   |      1|    0|
+-----------------+---------+-------+--------+-------+-----+

+ Detail: 
    * Instance: 
    +--------------------------+----------------------+---------+-------+-----+-----+-----+
    |         Instance         |        Module        | BRAM_18K| DSP48E|  FF | LUT | URAM|
    +--------------------------+----------------------+---------+-------+-----+-----+-----+
    |DLU_fadd_32ns_32ng8j_U68  |DLU_fadd_32ns_32ng8j  |        0|      2|  205|  390|    0|
    |DLU_fmul_32ns_32ncud_U69  |DLU_fmul_32ns_32ncud  |        0|      3|  143|  321|    0|
    |DLU_mux_94_32_1_1_U70     |DLU_mux_94_32_1_1     |        0|      0|    0|   50|    0|
    |DLU_mux_94_32_1_1_U71     |DLU_mux_94_32_1_1     |        0|      0|    0|   50|    0|
    +--------------------------+----------------------+---------+-------+-----+-----+-----+
    |Total                     |                      |        0|      5|  348|  811|    0|
    +--------------------------+----------------------+---------+-------+-----+-----+-----+

    * DSP48E: 
    N/A

    * Memory: 
    N/A

    * FIFO: 
    N/A

    * Expression: 
    +---------------------+----------+-------+---+----+------------+------------+
    |    Variable Name    | Operation| DSP48E| FF| LUT| Bitwidth P0| Bitwidth P1|
    +---------------------+----------+-------+---+----+------------+------------+
    |add_ln9_3_fu_133_p2  |     +    |      0|  0|  13|           4|           4|
    |add_ln9_fu_128_p2    |     +    |      0|  0|  13|           4|           4|
    |i_fu_118_p2          |     +    |      0|  0|  10|           2|           1|
    |icmp_ln7_fu_113_p2   |   icmp   |      0|  0|   8|           2|           2|
    +---------------------+----------+-------+---+----+------------+------------+
    |Total                |          |      0|  0|  44|          12|          11|
    +---------------------+----------+-------+---+----+------------+------------+

    * Multiplexer: 
    +------------+----+-----------+-----+-----------+
    |    Name    | LUT| Input Size| Bits| Total Bits|
    +------------+----+-----------+-----+-----------+
    |G_0_o       |   9|          2|   32|         64|
    |G_1_o       |   9|          2|   32|         64|
    |G_2_o       |   9|          2|   32|         64|
    |G_3_o       |   9|          2|   32|         64|
    |G_4_o       |   9|          2|   32|         64|
    |G_5_o       |   9|          2|   32|         64|
    |G_6_o       |   9|          2|   32|         64|
    |G_7_o       |   9|          2|   32|         64|
    |G_8_o       |   9|          2|   32|         64|
    |ap_NS_fsm   |  53|         12|    1|         12|
    |i_0_reg_86  |   9|          2|    2|          4|
    +------------+----+-----------+-----+-----------+
    |Total       | 143|         32|  291|        592|
    +------------+----+-----------+-----+-----------+

    * Register: 
    +---------------------+----+----+-----+-----------+
    |         Name        | FF | LUT| Bits| Const Bits|
    +---------------------+----+----+-----+-----------+
    |add_ln9_3_reg_308    |   4|   0|    4|          0|
    |add_ln9_reg_303      |   4|   0|    4|          0|
    |ap_CS_fsm            |  11|   0|   11|          0|
    |i_0_reg_86           |   2|   0|    2|          0|
    |i_reg_298            |   2|   0|    2|          0|
    |tmp_47_reg_318       |  32|   0|   32|          0|
    |tmp_reg_323          |  32|   0|   32|          0|
    |trunc_ln9_3_reg_290  |   4|   0|    4|          0|
    |trunc_ln9_reg_285    |   4|   0|    4|          0|
    +---------------------+----+----+-----+-----------+
    |Total                |  95|   0|   95|          0|
    +---------------------+----+----+-----+-----------+



================================================================
== Interface
================================================================
* Summary: 
+--------------+-----+-----+------------+--------------+--------------+
|   RTL Ports  | Dir | Bits|  Protocol  | Source Object|    C Type    |
+--------------+-----+-----+------------+--------------+--------------+
|ap_clk        |  in |    1| ap_ctrl_hs |    axpy.1    | return value |
|ap_rst        |  in |    1| ap_ctrl_hs |    axpy.1    | return value |
|ap_start      |  in |    1| ap_ctrl_hs |    axpy.1    | return value |
|ap_done       | out |    1| ap_ctrl_hs |    axpy.1    | return value |
|ap_idle       | out |    1| ap_ctrl_hs |    axpy.1    | return value |
|ap_ready      | out |    1| ap_ctrl_hs |    axpy.1    | return value |
|n             |  in |    2|   ap_none  |       n      |    scalar    |
|a             |  in |   32|   ap_none  |       a      |    scalar    |
|x_offset      |  in |   64|   ap_none  |   x_offset   |    scalar    |
|y_offset      |  in |   32|   ap_none  |   y_offset   |    scalar    |
|G_0_i         |  in |   32|   ap_ovld  |      G_0     |    pointer   |
|G_0_o         | out |   32|   ap_ovld  |      G_0     |    pointer   |
|G_0_o_ap_vld  | out |    1|   ap_ovld  |      G_0     |    pointer   |
|G_1_i         |  in |   32|   ap_ovld  |      G_1     |    pointer   |
|G_1_o         | out |   32|   ap_ovld  |      G_1     |    pointer   |
|G_1_o_ap_vld  | out |    1|   ap_ovld  |      G_1     |    pointer   |
|G_2_i         |  in |   32|   ap_ovld  |      G_2     |    pointer   |
|G_2_o         | out |   32|   ap_ovld  |      G_2     |    pointer   |
|G_2_o_ap_vld  | out |    1|   ap_ovld  |      G_2     |    pointer   |
|G_3_i         |  in |   32|   ap_ovld  |      G_3     |    pointer   |
|G_3_o         | out |   32|   ap_ovld  |      G_3     |    pointer   |
|G_3_o_ap_vld  | out |    1|   ap_ovld  |      G_3     |    pointer   |
|G_4_i         |  in |   32|   ap_ovld  |      G_4     |    pointer   |
|G_4_o         | out |   32|   ap_ovld  |      G_4     |    pointer   |
|G_4_o_ap_vld  | out |    1|   ap_ovld  |      G_4     |    pointer   |
|G_5_i         |  in |   32|   ap_ovld  |      G_5     |    pointer   |
|G_5_o         | out |   32|   ap_ovld  |      G_5     |    pointer   |
|G_5_o_ap_vld  | out |    1|   ap_ovld  |      G_5     |    pointer   |
|G_6_i         |  in |   32|   ap_ovld  |      G_6     |    pointer   |
|G_6_o         | out |   32|   ap_ovld  |      G_6     |    pointer   |
|G_6_o_ap_vld  | out |    1|   ap_ovld  |      G_6     |    pointer   |
|G_7_i         |  in |   32|   ap_ovld  |      G_7     |    pointer   |
|G_7_o         | out |   32|   ap_ovld  |      G_7     |    pointer   |
|G_7_o_ap_vld  | out |    1|   ap_ovld  |      G_7     |    pointer   |
|G_8_i         |  in |   32|   ap_ovld  |      G_8     |    pointer   |
|G_8_o         | out |   32|   ap_ovld  |      G_8     |    pointer   |
|G_8_o_ap_vld  | out |    1|   ap_ovld  |      G_8     |    pointer   |
+--------------+-----+-----+------------+--------------+--------------+

