

================================================================
== Vivado HLS Report for 'cholesky'
================================================================
* Date:           Sun Jul 10 16:38:11 2022

* Version:        2019.1 (Build 2552052 on Fri May 24 15:28:33 MDT 2019)
* Project:        HLS_BIO_NICA
* Solution:       solution1
* Product family: zynq
* Target device:  xc7z020-clg400-1


================================================================
== Performance Estimates
================================================================
+ Timing (ns): 
    * Summary: 
    +--------+-------+----------+------------+
    |  Clock | Target| Estimated| Uncertainty|
    +--------+-------+----------+------------+
    |ap_clk  |  10.00|     8.178|        1.25|
    +--------+-------+----------+------------+

+ Latency (clock cycles): 
    * Summary: 
    +-----+-----+-----+-----+---------+
    |  Latency  |  Interval | Pipeline|
    | min | max | min | max |   Type  |
    +-----+-----+-----+-----+---------+
    |   23|  385|   23|  385|   none  |
    +-----+-----+-----+-----+---------+

    + Detail: 
        * Instance: 
        N/A

        * Loop: 
        +-----------------+-----+-----+----------+-----------+-----------+-------+----------+
        |                 |  Latency  | Iteration|  Initiation Interval  |  Trip |          |
        |    Loop Name    | min | max |  Latency |  achieved |   target  | Count | Pipelined|
        +-----------------+-----+-----+----------+-----------+-----------+-------+----------+
        |- Loop 1         |   21|  383| 21 ~ 125 |          -|          -| 1 ~ 3 |    no    |
        | + Loop 1.1      |    0|   84|  22 ~ 42 |          -|          -| 0 ~ 2 |    no    |
        |  ++ Loop 1.1.1  |    0|   20|        10|          -|          -| 0 ~ 2 |    no    |
        | + Loop 1.2      |    0|   20|        10|          -|          -| 0 ~ 2 |    no    |
        +-----------------+-----+-----+----------+-----------+-----------+-------+----------+



================================================================
== Utilization Estimates
================================================================
* Summary: 
+-----------------+---------+-------+--------+-------+-----+
|       Name      | BRAM_18K| DSP48E|   FF   |  LUT  | URAM|
+-----------------+---------+-------+--------+-------+-----+
|DSP              |        -|      -|       -|      -|    -|
|Expression       |        -|      -|       0|    304|    -|
|FIFO             |        -|      -|       -|      -|    -|
|Instance         |        -|      5|    1580|   2759|    -|
|Memory           |        -|      -|       -|      -|    -|
|Multiplexer      |        -|      -|       -|    533|    -|
|Register         |        -|      -|     735|      -|    -|
+-----------------+---------+-------+--------+-------+-----+
|Total            |        0|      5|    2315|   3596|    0|
+-----------------+---------+-------+--------+-------+-----+
|Available        |      280|    220|  106400|  53200|    0|
+-----------------+---------+-------+--------+-------+-----+
|Utilization (%)  |        0|      2|       2|      6|    0|
+-----------------+---------+-------+--------+-------+-----+

+ Detail: 
    * Instance: 
    +-------------------------+----------------------+---------+-------+-----+-----+-----+
    |         Instance        |        Module        | BRAM_18K| DSP48E|  FF | LUT | URAM|
    +-------------------------+----------------------+---------+-------+-----+-----+-----+
    |DLU_faddfsub_32nsbkb_U1  |DLU_faddfsub_32nsbkb  |        0|      2|  205|  390|    0|
    |DLU_fcmp_32ns_32neOg_U4  |DLU_fcmp_32ns_32neOg  |        0|      0|   66|  239|    0|
    |DLU_fdiv_32ns_32ndEe_U3  |DLU_fdiv_32ns_32ndEe  |        0|      0|  761|  994|    0|
    |DLU_fmul_32ns_32ncud_U2  |DLU_fmul_32ns_32ncud  |        0|      3|  143|  321|    0|
    |DLU_fsqrt_32ns_32fYi_U5  |DLU_fsqrt_32ns_32fYi  |        0|      0|  405|  615|    0|
    |DLU_mux_94_32_1_1_U6     |DLU_mux_94_32_1_1     |        0|      0|    0|   50|    0|
    |DLU_mux_94_32_1_1_U7     |DLU_mux_94_32_1_1     |        0|      0|    0|   50|    0|
    |DLU_mux_94_32_1_1_U8     |DLU_mux_94_32_1_1     |        0|      0|    0|   50|    0|
    |DLU_mux_94_32_1_1_U9     |DLU_mux_94_32_1_1     |        0|      0|    0|   50|    0|
    +-------------------------+----------------------+---------+-------+-----+-----+-----+
    |Total                    |                      |        0|      5| 1580| 2759|    0|
    +-------------------------+----------------------+---------+-------+-----+-----+-----+

    * DSP48E: 
    N/A

    * Memory: 
    N/A

    * FIFO: 
    N/A

    * Expression: 
    +-------------------------+----------+-------+---+----+------------+------------+
    |      Variable Name      | Operation| DSP48E| FF| LUT| Bitwidth P0| Bitwidth P1|
    +-------------------------+----------+-------+---+----+------------+------------+
    |add_ln88_fu_285_p2       |     +    |      0|  0|  13|           4|           4|
    |i_34_fu_370_p2           |     +    |      0|  0|  10|           2|           1|
    |i_fu_499_p2              |     +    |      0|  0|  10|           2|           1|
    |j_fu_249_p2              |     +    |      0|  0|  10|           2|           1|
    |k_fu_279_p2              |     +    |      0|  0|  10|           2|           1|
    |tmp_43_fu_514_p10        |     +    |      0|  0|  13|           4|           4|
    |tmp_44_fu_385_p10        |     +    |      0|  0|  13|           4|           4|
    |tmp_45_fu_408_p10        |     +    |      0|  0|  13|           4|           4|
    |sub_ln88_fu_263_p2       |     -    |      0|  0|  13|           4|           4|
    |sub_ln89_fu_330_p2       |     -    |      0|  0|  13|           4|           4|
    |and_ln93_fu_574_p2       |    and   |      0|  0|   2|           1|           1|
    |icmp_ln16_6_fu_493_p2    |   icmp   |      0|  0|   8|           2|           2|
    |icmp_ln16_fu_364_p2      |   icmp   |      0|  0|   8|           2|           2|
    |icmp_ln84_fu_243_p2      |   icmp   |      0|  0|   8|           2|           2|
    |icmp_ln86_fu_273_p2      |   icmp   |      0|  0|   8|           2|           2|
    |icmp_ln89_fu_426_p2      |   icmp   |      0|  0|   9|           3|           1|
    |icmp_ln92_1_fu_350_p2    |   icmp   |      0|  0|   8|           2|           1|
    |icmp_ln92_fu_336_p2      |   icmp   |      0|  0|   8|           2|           1|
    |icmp_ln93_1_fu_562_p2    |   icmp   |      0|  0|  18|          23|           1|
    |icmp_ln93_fu_556_p2      |   icmp   |      0|  0|  11|           8|           2|
    |or_ln93_fu_568_p2        |    or    |      0|  0|   2|           1|           1|
    |select_ln89_fu_431_p3    |  select  |      0|  0|  32|           1|          32|
    |select_ln92_1_fu_356_p3  |  select  |      0|  0|  32|           1|          32|
    |select_ln92_fu_342_p3    |  select  |      0|  0|  32|           1|          32|
    +-------------------------+----------+-------+---+----+------------+------------+
    |Total                    |          |      0|  0| 304|          83|         140|
    +-------------------------+----------+-------+---+----+------------+------------+

    * Multiplexer: 
    +---------------------+-----+-----------+-----+-----------+
    |         Name        | LUT | Input Size| Bits| Total Bits|
    +---------------------+-----+-----------+-----+-----------+
    |G_0_o                |   15|          3|   32|         96|
    |G_1_o                |    9|          2|   32|         64|
    |G_2_o                |    9|          2|   32|         64|
    |G_3_o                |    9|          2|   32|         64|
    |G_4_o                |   15|          3|   32|         96|
    |G_5_o                |    9|          2|   32|         64|
    |G_6_o                |    9|          2|   32|         64|
    |G_7_o                |    9|          2|   32|         64|
    |G_8_o                |   15|          3|   32|         96|
    |ap_NS_fsm            |  269|         63|    1|         63|
    |ap_return            |    9|          2|    2|          4|
    |grp_fu_153_opcode    |   15|          3|    2|          6|
    |grp_fu_153_p0        |   27|          5|   32|        160|
    |grp_fu_153_p1        |   21|          4|   32|        128|
    |grp_fu_161_p0        |   15|          3|   32|         96|
    |grp_fu_161_p1        |   15|          3|   32|         96|
    |i_0_i2_reg_131       |    9|          2|    2|          4|
    |i_0_i_reg_108        |    9|          2|    2|          4|
    |n_assign_2_reg_72    |    9|          2|    2|          4|
    |n_assign_reg_84      |    9|          2|    2|          4|
    |p_0_reg_142          |    9|          2|    2|          4|
    |result_0_i1_reg_119  |    9|          2|   32|         64|
    |result_0_i_reg_96    |    9|          2|   32|         64|
    +---------------------+-----+-----------+-----+-----------+
    |Total                |  533|        118|  495|       1373|
    +---------------------+-----+-----------+-----+-----------+

    * Register: 
    +-----------------------+----+----+-----+-----------+
    |          Name         | FF | LUT| Bits| Const Bits|
    +-----------------------+----+----+-----+-----------+
    |G_1_load_reg_623       |  32|   0|   32|          0|
    |G_2_load_reg_629       |  32|   0|   32|          0|
    |G_3_load_reg_635       |  32|   0|   32|          0|
    |G_5_load_reg_641       |  32|   0|   32|          0|
    |G_6_load_reg_647       |  32|   0|   32|          0|
    |G_7_load_reg_653       |  32|   0|   32|          0|
    |add_ln88_reg_619       |   4|   0|    4|          0|
    |ap_CS_fsm              |  62|   0|   62|          0|
    |ap_return_preg         |   2|   0|    2|          0|
    |i_0_i2_reg_131         |   2|   0|    2|          0|
    |i_0_i_reg_108          |   2|   0|    2|          0|
    |i_34_reg_682           |   2|   0|    2|          0|
    |i_reg_710              |   2|   0|    2|          0|
    |j_reg_598              |   2|   0|    2|          0|
    |k_reg_614              |   2|   0|    2|          0|
    |n_assign_2_reg_72      |   2|   0|    2|          0|
    |n_assign_reg_84        |   2|   0|    2|          0|
    |p_0_reg_142            |   2|   0|    2|          0|
    |reg_215                |  32|   0|   32|          0|
    |reg_219                |  32|   0|   32|          0|
    |reg_223                |  32|   0|   32|          0|
    |reg_227                |  32|   0|   32|          0|
    |reg_232                |  32|   0|   32|          0|
    |result_0_i1_reg_119    |  32|   0|   32|          0|
    |result_0_i_reg_96      |  32|   0|   32|          0|
    |select_ln89_reg_697    |  32|   0|   32|          0|
    |select_ln92_1_reg_674  |  32|   0|   32|          0|
    |shl_ln6_reg_664        |   1|   0|    3|          2|
    |sub_ln88_reg_604       |   4|   0|    4|          0|
    |sub_ln89_reg_669       |   4|   0|    4|          0|
    |tmp_23_reg_729         |  32|   0|   32|          0|
    |tmp_43_reg_715         |  32|   0|   32|          0|
    |tmp_44_reg_687         |  32|   0|   32|          0|
    |tmp_45_reg_692         |  32|   0|   32|          0|
    |tmp_reg_659            |  32|   0|   32|          0|
    +-----------------------+----+----+-----+-----------+
    |Total                  | 735|   0|  737|          2|
    +-----------------------+----+----+-----+-----------+



================================================================
== Interface
================================================================
* Summary: 
+--------------+-----+-----+------------+--------------+--------------+
|   RTL Ports  | Dir | Bits|  Protocol  | Source Object|    C Type    |
+--------------+-----+-----+------------+--------------+--------------+
|ap_clk        |  in |    1| ap_ctrl_hs |   cholesky   | return value |
|ap_rst        |  in |    1| ap_ctrl_hs |   cholesky   | return value |
|ap_start      |  in |    1| ap_ctrl_hs |   cholesky   | return value |
|ap_done       | out |    1| ap_ctrl_hs |   cholesky   | return value |
|ap_idle       | out |    1| ap_ctrl_hs |   cholesky   | return value |
|ap_ready      | out |    1| ap_ctrl_hs |   cholesky   | return value |
|ap_return     | out |    2| ap_ctrl_hs |   cholesky   | return value |
|G_0_i         |  in |   32|   ap_ovld  |      G_0     |    pointer   |
|G_0_o         | out |   32|   ap_ovld  |      G_0     |    pointer   |
|G_0_o_ap_vld  | out |    1|   ap_ovld  |      G_0     |    pointer   |
|G_1_i         |  in |   32|   ap_ovld  |      G_1     |    pointer   |
|G_1_o         | out |   32|   ap_ovld  |      G_1     |    pointer   |
|G_1_o_ap_vld  | out |    1|   ap_ovld  |      G_1     |    pointer   |
|G_2_i         |  in |   32|   ap_ovld  |      G_2     |    pointer   |
|G_2_o         | out |   32|   ap_ovld  |      G_2     |    pointer   |
|G_2_o_ap_vld  | out |    1|   ap_ovld  |      G_2     |    pointer   |
|G_3_i         |  in |   32|   ap_ovld  |      G_3     |    pointer   |
|G_3_o         | out |   32|   ap_ovld  |      G_3     |    pointer   |
|G_3_o_ap_vld  | out |    1|   ap_ovld  |      G_3     |    pointer   |
|G_4_i         |  in |   32|   ap_ovld  |      G_4     |    pointer   |
|G_4_o         | out |   32|   ap_ovld  |      G_4     |    pointer   |
|G_4_o_ap_vld  | out |    1|   ap_ovld  |      G_4     |    pointer   |
|G_5_i         |  in |   32|   ap_ovld  |      G_5     |    pointer   |
|G_5_o         | out |   32|   ap_ovld  |      G_5     |    pointer   |
|G_5_o_ap_vld  | out |    1|   ap_ovld  |      G_5     |    pointer   |
|G_6_i         |  in |   32|   ap_ovld  |      G_6     |    pointer   |
|G_6_o         | out |   32|   ap_ovld  |      G_6     |    pointer   |
|G_6_o_ap_vld  | out |    1|   ap_ovld  |      G_6     |    pointer   |
|G_7_i         |  in |   32|   ap_ovld  |      G_7     |    pointer   |
|G_7_o         | out |   32|   ap_ovld  |      G_7     |    pointer   |
|G_7_o_ap_vld  | out |    1|   ap_ovld  |      G_7     |    pointer   |
|G_8_i         |  in |   32|   ap_ovld  |      G_8     |    pointer   |
|G_8_o         | out |   32|   ap_ovld  |      G_8     |    pointer   |
|G_8_o_ap_vld  | out |    1|   ap_ovld  |      G_8     |    pointer   |
+--------------+-----+-----+------------+--------------+--------------+

