

================================================================
== Vivado HLS Report for 'solve_qp'
================================================================
* Date:           Sun Jul 10 16:38:13 2022

* Version:        2019.1 (Build 2552052 on Fri May 24 15:28:33 MDT 2019)
* Project:        HLS_BIO_NICA
* Solution:       solution1
* Product family: zynq
* Target device:  xc7z020-clg400-1


================================================================
== Performance Estimates
================================================================
+ Timing (ns): 
    * Summary: 
    +--------+-------+----------+------------+
    |  Clock | Target| Estimated| Uncertainty|
    +--------+-------+----------+------------+
    |ap_clk  |  10.00|     9.345|        1.25|
    +--------+-------+----------+------------+

+ Latency (clock cycles): 
    * Summary: 
    +-----+-----+-----+-----+---------+
    |  Latency  |  Interval | Pipeline|
    | min | max | min | max |   Type  |
    +-----+-----+-----+-----+---------+
    |    ?|    ?|    ?|    ?|   none  |
    +-----+-----+-----+-----+---------+

    + Detail: 
        * Instance: 
        +----------------------------------+----------------------+-----+-----+-----+-----+---------+
        |                                  |                      |  Latency  |  Interval | Pipeline|
        |             Instance             |        Module        | min | max | min | max |   Type  |
        +----------------------------------+----------------------+-----+-----+-----+-----+---------+
        |grp_cholesky_fu_1297              |cholesky              |   23|  385|   23|  385|   none  |
        |grp_triangular_invert_fu_1319     |triangular_invert     |   61|  319|   61|  319|   none  |
        |grp_triangular_solve_tra_fu_1341  |triangular_solve_tra  |   73|  133|   73|  133|   none  |
        |grp_triangular_solve_fu_1365      |triangular_solve      |   55|  121|   55|  121|   none  |
        +----------------------------------+----------------------+-----+-----+-----+-----+---------+

        * Loop: 
        +---------------------+-----+-----+----------+-----------+-----------+-------+----------+
        |                     |  Latency  | Iteration|  Initiation Interval  |  Trip |          |
        |      Loop Name      | min | max |  Latency |  achieved |   target  | Count | Pipelined|
        +---------------------+-----+-----+----------+-----------+-----------+-------+----------+
        |- Loop 1             |   24|   24|         1|          -|          -|     24|    no    |
        |- Loop 2             |    ?|    ?|  19 ~ 30 |          -|          -|      ?|    no    |
        |- Loop 3             |   24|   24|         1|          -|          -|     24|    no    |
        |- Loop 4             |    3|    3|         1|          -|          -|      3|    no    |
        |- Loop 5             |    6|   18|   2 ~ 6  |          -|          -|      3|    no    |
        | + Loop 5.1          |    0|    4|         2|          -|          -| 0 ~ 2 |    no    |
        |- Loop 6             |    6|    6|         2|          -|          -|      3|    no    |
        |- Loop 7             |  141|  141|        47|          -|          -|      3|    no    |
        | + Loop 7.1          |   33|   33|        11|          -|          -|      3|    no    |
        |- Loop 8             |    ?|    ?|         ?|          -|          -|      ?|    no    |
        | + Loop 8.1          |  135|  135|        45|          -|          -|      3|    no    |
        |  ++ Loop 8.1.1      |   33|   33|        11|          -|          -|      3|    no    |
        | + Loop 8.2          |    ?|    ?|         1|          -|          -|      ?|    no    |
        | + Loop 8.3          |   24|   69|  8 ~ 23  |          -|          -|      3|    no    |
        | + Loop 8.4          |    ?|    ?|         ?|          -|          -|      ?|    no    |
        |  ++ Loop 8.4.1      |  105|  105|        35|          -|          -|      3|    no    |
        |   +++ Loop 8.4.1.1  |   33|   33|        11|          -|          -|      3|    no    |
        |  ++ Loop 8.4.2      |    3|    3|         1|          -|          -|      3|    no    |
        |  ++ Loop 8.4.3      |    ?|    ?|        36|          -|          -|      ?|    no    |
        |   +++ Loop 8.4.3.1  |   33|   33|        11|          -|          -|      3|    no    |
        |  ++ Loop 8.4.4      |    ?|    ?|         2|          -|          -|      ?|    no    |
        |  ++ Loop 8.4.5      |    ?|    ?|         ?|          -|          -|      ?|    no    |
        |   +++ Loop 8.4.5.1  |    ?|    ?|        11|          -|          -|      ?|    no    |
        |  ++ Loop 8.4.6      |    ?|    ?|  2 ~ 42  |          -|          -|      ?|    no    |
        |  ++ Loop 8.4.7      |   30|   30|        10|          -|          -|      3|    no    |
        |  ++ Loop 8.4.8      |   33|   33|        11|          -|          -|      3|    no    |
        |  ++ Loop 8.4.9      |   33|   33|        11|          -|          -|      3|    no    |
        |  ++ Loop 8.4.10     |    ?|    ?|        11|          -|          -|      ?|    no    |
        |  ++ Loop 8.4.11     |    ?|    ?|         3|          -|          -|      ?|    no    |
        |  ++ Loop 8.4.12     |   33|   33|        11|          -|          -|      3|    no    |
        +---------------------+-----+-----+----------+-----------+-----------+-------+----------+



================================================================
== Utilization Estimates
================================================================
* Summary: 
+-----------------+---------+-------+--------+-------+-----+
|       Name      | BRAM_18K| DSP48E|   FF   |  LUT  | URAM|
+-----------------+---------+-------+--------+-------+-----+
|DSP              |        -|      -|       -|      -|    -|
|Expression       |        -|      6|       0|   3019|    -|
|FIFO             |        -|      -|       -|      -|    -|
|Instance         |        -|     45|   12751|  20808|    -|
|Memory           |        2|      -|      32|      5|    0|
|Multiplexer      |        -|      -|       -|   3331|    -|
|Register         |        -|      -|    4091|      -|    -|
+-----------------+---------+-------+--------+-------+-----+
|Total            |        2|     51|   16874|  27163|    0|
+-----------------+---------+-------+--------+-------+-----+
|Available        |      280|    220|  106400|  53200|    0|
+-----------------+---------+-------+--------+-------+-----+
|Utilization (%)  |    ~0   |     23|      15|     51|    0|
+-----------------+---------+-------+--------+-------+-----+

+ Detail: 
    * Instance: 
    +----------------------------------+----------------------+---------+-------+------+------+-----+
    |             Instance             |        Module        | BRAM_18K| DSP48E|  FF  |  LUT | URAM|
    +----------------------------------+----------------------+---------+-------+------+------+-----+
    |DLU_dadd_64ns_64njbC_U106         |DLU_dadd_64ns_64njbC  |        0|      3|   445|  1149|    0|
    |DLU_dcmp_64ns_64nmb6_U109         |DLU_dcmp_64ns_64nmb6  |        0|      0|   130|   469|    0|
    |DLU_ddiv_64ns_64nlbW_U108         |DLU_ddiv_64ns_64nlbW  |        0|      0|  3211|  3658|    0|
    |DLU_dmul_64ns_64nkbM_U107         |DLU_dmul_64ns_64nkbM  |        0|     11|   317|   578|    0|
    |DLU_faddfsub_32nsbkb_U98          |DLU_faddfsub_32nsbkb  |        0|      2|   205|   390|    0|
    |DLU_fcmp_32ns_32neOg_U104         |DLU_fcmp_32ns_32neOg  |        0|      0|    66|   239|    0|
    |DLU_fdiv_32ns_32ndEe_U100         |DLU_fdiv_32ns_32ndEe  |        0|      0|   761|   994|    0|
    |DLU_fmul_32ns_32ncud_U99          |DLU_fmul_32ns_32ncud  |        0|      3|   143|   321|    0|
    |DLU_fpext_32ns_64ibs_U102         |DLU_fpext_32ns_64ibs  |        0|      0|   100|   138|    0|
    |DLU_fpext_32ns_64ibs_U103         |DLU_fpext_32ns_64ibs  |        0|      0|   100|   138|    0|
    |DLU_fptrunc_64ns_hbi_U101         |DLU_fptrunc_64ns_hbi  |        0|      0|   128|   277|    0|
    |DLU_fsqrt_32ns_32fYi_U105         |DLU_fsqrt_32ns_32fYi  |        0|      0|   405|   615|    0|
    |DLU_mux_32_32_1_1_U110            |DLU_mux_32_32_1_1     |        0|      0|     0|    50|    0|
    |DLU_mux_32_32_1_1_U111            |DLU_mux_32_32_1_1     |        0|      0|     0|    50|    0|
    |DLU_mux_32_32_1_1_U112            |DLU_mux_32_32_1_1     |        0|      0|     0|    50|    0|
    |DLU_mux_32_32_1_1_U113            |DLU_mux_32_32_1_1     |        0|      0|     0|    50|    0|
    |DLU_mux_32_32_1_1_U116            |DLU_mux_32_32_1_1     |        0|      0|     0|    50|    0|
    |DLU_mux_32_32_1_1_U117            |DLU_mux_32_32_1_1     |        0|      0|     0|    50|    0|
    |DLU_mux_94_32_1_1_U114            |DLU_mux_94_32_1_1     |        0|      0|     0|    50|    0|
    |DLU_mux_94_32_1_1_U115            |DLU_mux_94_32_1_1     |        0|      0|     0|    50|    0|
    |grp_cholesky_fu_1297              |cholesky              |        0|      5|  2315|  3596|    0|
    |grp_triangular_invert_fu_1319     |triangular_invert     |        0|     11|  1781|  3699|    0|
    |grp_triangular_solve_fu_1365      |triangular_solve      |        0|      5|  1323|  2065|    0|
    |grp_triangular_solve_tra_fu_1341  |triangular_solve_tra  |        0|      5|  1321|  2082|    0|
    +----------------------------------+----------------------+---------+-------+------+------+-----+
    |Total                             |                      |        0|     45| 12751| 20808|    0|
    +----------------------------------+----------------------+---------+-------+------+------+-----+

    * DSP48E: 
    N/A

    * Memory: 
    +--------+---------------+---------+----+----+-----+------+-----+------+-------------+
    | Memory |     Module    | BRAM_18K| FF | LUT| URAM| Words| Bits| Banks| W*Bits*Banks|
    +--------+---------------+---------+----+----+-----+------+-----+------+-------------+
    |C_U     |solve_qp_C     |        0|  32|   5|    0|     9|   32|     1|          288|
    |work_U  |solve_qp_work  |        2|   0|   0|    0|    24|   32|     1|          768|
    +--------+---------------+---------+----+----+-----+------+-----+------+-------------+
    |Total   |               |        2|  32|   5|    0|    33|   64|     2|         1056|
    +--------+---------------+---------+----+----+-----+------+-----+------+-------------+

    * FIFO: 
    N/A

    * Expression: 
    +---------------------------+----------+-------+---+----+------------+------------+
    |       Variable Name       | Operation| DSP48E| FF| LUT| Bitwidth P0| Bitwidth P1|
    +---------------------------+----------+-------+---+----+------------+------------+
    |mul_ln345_fu_2733_p2       |     *    |      3|  0|  20|          32|          32|
    |mul_ln346_fu_2738_p2       |     *    |      3|  0|  20|          32|          32|
    |add_ln18_1_fu_2035_p2      |     +    |      0|  0|  15|           5|           5|
    |add_ln18_2_fu_2501_p2      |     +    |      0|  0|  13|           4|           4|
    |add_ln18_3_fu_2506_p2      |     +    |      0|  0|  15|           5|           5|
    |add_ln18_4_fu_3173_p2      |     +    |      0|  0|  12|           3|           2|
    |add_ln18_5_fu_3275_p2      |     +    |      0|  0|  12|           3|           2|
    |add_ln18_6_fu_3261_p2      |     +    |      0|  0|  15|           5|           5|
    |add_ln18_7_fu_3740_p2      |     +    |      0|  0|  15|           5|           5|
    |add_ln18_fu_1951_p2        |     +    |      0|  0|  15|           5|           5|
    |add_ln237_1_fu_1807_p2     |     +    |      0|  0|  13|           4|           4|
    |add_ln237_fu_1785_p2       |     +    |      0|  0|   8|           4|           1|
    |add_ln257_fu_1961_p2       |     +    |      0|  0|  15|           5|           5|
    |add_ln271_fu_2136_p2       |     +    |      0|  0|  15|           5|           5|
    |add_ln277_fu_2182_p2       |     +    |      0|  0|  15|           5|           6|
    |add_ln288_1_fu_2209_p2     |     +    |      0|  0|  15|           5|           5|
    |add_ln288_fu_2256_p2       |     +    |      0|  0|  15|           5|           5|
    |add_ln311_fu_2230_p2       |     +    |      0|  0|  15|           5|           6|
    |add_ln330_fu_2561_p2       |     +    |      0|  0|  12|           3|           2|
    |add_ln341_fu_2690_p2       |     +    |      0|  0|  15|           3|           6|
    |add_ln345_1_fu_2806_p2     |     +    |      0|  0|  15|           6|           4|
    |add_ln345_2_fu_2722_p2     |     +    |      0|  0|  15|           6|           3|
    |add_ln345_fu_2716_p2       |     +    |      0|  0|  39|          32|           1|
    |add_ln356_fu_2946_p2       |     +    |      0|  0|  15|           3|           6|
    |add_ln358_fu_2993_p2       |     +    |      0|  0|  15|           4|           6|
    |add_ln413_1_fu_3692_p2     |     +    |      0|  0|  15|           4|           6|
    |add_ln413_fu_3604_p2       |     +    |      0|  0|  15|           4|           6|
    |add_ln416_1_fu_3629_p2     |     +    |      0|  0|  15|           4|           6|
    |add_ln424_1_fu_2423_p2     |     +    |      0|  0|  15|           3|           5|
    |add_ln431_fu_3765_p2       |     +    |      0|  0|  15|           4|           6|
    |add_ln9_1_fu_2654_p2       |     +    |      0|  0|  12|           3|           2|
    |add_ln9_2_fu_2883_p2       |     +    |      0|  0|   8|           6|           6|
    |add_ln9_3_fu_2893_p2       |     +    |      0|  0|  15|           3|           6|
    |add_ln9_4_fu_3467_p2       |     +    |      0|  0|  12|           3|           2|
    |add_ln9_5_fu_3516_p2       |     +    |      0|  0|  15|           3|           6|
    |add_ln9_6_fu_3527_p2       |     +    |      0|  0|  15|           4|           6|
    |add_ln9_7_fu_2877_p2       |     +    |      0|  0|   8|           4|           6|
    |add_ln9_fu_2615_p2         |     +    |      0|  0|  13|           4|           4|
    |i_11_fu_2551_p2            |     +    |      0|  0|  10|           2|           1|
    |i_12_fu_2461_p2            |     +    |      0|  0|  10|           2|           1|
    |i_13_fu_2487_p2            |     +    |      0|  0|  10|           2|           1|
    |i_14_fu_2605_p2            |     +    |      0|  0|  10|           2|           1|
    |i_16_fu_2675_p2            |     +    |      0|  0|  38|          31|           1|
    |i_17_fu_2704_p2            |     +    |      0|  0|  39|           2|          32|
    |i_1_fu_1692_p2             |     +    |      0|  0|  15|           5|           1|
    |i_20_fu_2867_p2            |     +    |      0|  0|  38|          31|           1|
    |i_26_fu_3163_p2            |     +    |      0|  0|  10|           2|           1|
    |i_27_fu_3251_p2            |     +    |      0|  0|  10|           2|           1|
    |i_28_fu_3457_p2            |     +    |      0|  0|  10|           2|           1|
    |i_29_fu_3506_p2            |     +    |      0|  0|  38|          31|           1|
    |i_2_fu_1709_p2             |     +    |      0|  0|  10|           2|           1|
    |i_30_fu_3718_p2            |     +    |      0|  0|  39|          32|           1|
    |i_31_fu_3730_p2            |     +    |      0|  0|  10|           2|           1|
    |i_32_fu_2199_p2            |     +    |      0|  0|  10|           2|           1|
    |i_33_fu_2914_p2            |     +    |      0|  0|  38|          31|           1|
    |i_3_fu_1795_p2             |     +    |      0|  0|  39|           1|          32|
    |i_4_fu_1872_p2             |     +    |      0|  0|  10|           2|           1|
    |i_5_fu_1911_p2             |     +    |      0|  0|  10|           2|           1|
    |i_6_fu_1941_p2             |     +    |      0|  0|  10|           2|           1|
    |i_7_fu_2156_p2             |     +    |      0|  0|  38|          31|           1|
    |i_8_fu_1995_p2             |     +    |      0|  0|  10|           2|           1|
    |i_9_fu_2025_p2             |     +    |      0|  0|  10|           2|           1|
    |i_fu_1602_p2               |     +    |      0|  0|  15|           5|           1|
    |j_2_fu_2620_p2             |     +    |      0|  0|  39|          32|           1|
    |j_fu_1765_p2               |     +    |      0|  0|  10|           2|           1|
    |nact_1_fu_3623_p2          |     +    |      0|  0|  39|           2|          32|
    |nact_fu_3755_p2            |     +    |      0|  0|  39|           1|          32|
    |tmp_23_fu_2435_p4          |     +    |      0|  0|  10|           2|           2|
    |sub_ln18_fu_2475_p2        |     -    |      0|  0|  13|           4|           4|
    |sub_ln237_fu_1779_p2       |     -    |      0|  0|   8|           4|           4|
    |sub_ln257_fu_1929_p2       |     -    |      0|  0|  15|           5|           5|
    |sub_ln270_fu_2013_p2       |     -    |      0|  0|  15|           5|           5|
    |sub_ln323_fu_2413_p2       |     -    |      0|  0|  39|          32|          32|
    |sub_ln334_fu_2589_p2       |     -    |      0|  0|  39|          32|          32|
    |sub_ln345_1_fu_2783_p2     |     -    |      0|  0|  15|           1|           6|
    |sub_ln345_fu_2768_p2       |     -    |      0|  0|  39|           1|          32|
    |sub_ln346_1_fu_2832_p2     |     -    |      0|  0|  15|           1|           6|
    |sub_ln346_fu_2817_p2       |     -    |      0|  0|  39|           1|          32|
    |and_ln110_1_fu_1680_p2     |    and   |      0|  0|   2|           1|           1|
    |and_ln110_fu_1641_p2       |    and   |      0|  0|   2|           1|           1|
    |and_ln271_1_fu_2122_p2     |    and   |      0|  0|   2|           1|           1|
    |and_ln271_fu_2116_p2       |    and   |      0|  0|   2|           1|           1|
    |and_ln288_1_fu_2342_p2     |    and   |      0|  0|   2|           1|           1|
    |and_ln288_fu_2336_p2       |    and   |      0|  0|   2|           1|           1|
    |and_ln312_fu_2401_p2       |    and   |      0|  0|   2|           1|           1|
    |and_ln359_1_fu_3107_p2     |    and   |      0|  0|   2|           1|           1|
    |and_ln359_2_fu_3131_p2     |    and   |      0|  0|   2|           1|           1|
    |and_ln359_fu_3101_p2       |    and   |      0|  0|   2|           1|           1|
    |and_ln371_1_fu_3239_p2     |    and   |      0|  0|   2|           1|           1|
    |and_ln371_fu_3234_p2       |    and   |      0|  0|   2|           1|           1|
    |and_ln386_1_fu_3411_p2     |    and   |      0|  0|   2|           1|           1|
    |and_ln386_fu_3405_p2       |    and   |      0|  0|   2|           1|           1|
    |grp_fu_1518_p2             |    and   |      0|  0|   2|           1|           1|
    |grp_fu_1476_p2             |   icmp   |      0|  0|  13|          11|           2|
    |icmp_ln110_1_fu_1631_p2    |   icmp   |      0|  0|  29|          52|           1|
    |icmp_ln110_2_fu_1664_p2    |   icmp   |      0|  0|  13|          11|           2|
    |icmp_ln110_3_fu_1670_p2    |   icmp   |      0|  0|  29|          52|           1|
    |icmp_ln110_fu_1625_p2      |   icmp   |      0|  0|  13|          11|           2|
    |icmp_ln16_1_fu_2019_p2     |   icmp   |      0|  0|   8|           2|           2|
    |icmp_ln16_2_fu_2481_p2     |   icmp   |      0|  0|   8|           2|           2|
    |icmp_ln16_3_fu_3157_p2     |   icmp   |      0|  0|   8|           2|           2|
    |icmp_ln16_4_fu_3245_p2     |   icmp   |      0|  0|   8|           2|           2|
    |icmp_ln16_5_fu_3724_p2     |   icmp   |      0|  0|   8|           2|           2|
    |icmp_ln16_fu_1935_p2       |   icmp   |      0|  0|   8|           2|           2|
    |icmp_ln178_fu_1596_p2      |   icmp   |      0|  0|  11|           5|           5|
    |icmp_ln198_fu_1686_p2      |   icmp   |      0|  0|  11|           5|           5|
    |icmp_ln213_fu_1703_p2      |   icmp   |      0|  0|   8|           2|           2|
    |icmp_ln220_fu_1745_p2      |   icmp   |      0|  0|   8|           2|           1|
    |icmp_ln233_fu_1759_p2      |   icmp   |      0|  0|   8|           2|           2|
    |icmp_ln235_fu_1801_p2      |   icmp   |      0|  0|  18|          32|           2|
    |icmp_ln247_fu_1866_p2      |   icmp   |      0|  0|   8|           2|           2|
    |icmp_ln255_fu_1905_p2      |   icmp   |      0|  0|   8|           2|           2|
    |icmp_ln268_fu_1989_p2      |   icmp   |      0|  0|   8|           2|           2|
    |icmp_ln271_1_fu_2090_p2    |   icmp   |      0|  0|  29|          52|           1|
    |icmp_ln271_3_fu_1979_p2    |   icmp   |      0|  0|  29|          52|           1|
    |icmp_ln271_fu_2084_p2      |   icmp   |      0|  0|  13|          11|           2|
    |icmp_ln275_fu_2150_p2      |   icmp   |      0|  0|  18|          32|          32|
    |icmp_ln286_fu_2193_p2      |   icmp   |      0|  0|   8|           2|           2|
    |icmp_ln288_1_fu_2320_p2    |   icmp   |      0|  0|  18|          23|           1|
    |icmp_ln288_2_fu_2284_p2    |   icmp   |      0|  0|  11|           8|           2|
    |icmp_ln288_3_fu_2290_p2    |   icmp   |      0|  0|  18|          23|           1|
    |icmp_ln288_fu_2314_p2      |   icmp   |      0|  0|  11|           8|           2|
    |icmp_ln300_fu_2220_p2      |   icmp   |      0|  0|  18|          32|           1|
    |icmp_ln312_1_fu_2389_p2    |   icmp   |      0|  0|  18|          23|           1|
    |icmp_ln312_fu_2383_p2      |   icmp   |      0|  0|  11|           8|           2|
    |icmp_ln321_fu_2455_p2      |   icmp   |      0|  0|   8|           2|           2|
    |icmp_ln328_fu_2545_p2      |   icmp   |      0|  0|   8|           2|           2|
    |icmp_ln332_fu_2572_p2      |   icmp   |      0|  0|  18|          32|           2|
    |icmp_ln339_fu_2669_p2      |   icmp   |      0|  0|  18|          32|          32|
    |icmp_ln343_fu_2710_p2      |   icmp   |      0|  0|  18|          32|           1|
    |icmp_ln354_fu_2908_p2      |   icmp   |      0|  0|  18|          32|          32|
    |icmp_ln356_1_fu_2975_p2    |   icmp   |      0|  0|  11|           8|           2|
    |icmp_ln356_2_fu_2981_p2    |   icmp   |      0|  0|  18|          23|           1|
    |icmp_ln356_fu_2940_p2      |   icmp   |      0|  0|  18|          32|           1|
    |icmp_ln359_1_fu_3065_p2    |   icmp   |      0|  0|  11|           8|           2|
    |icmp_ln359_2_fu_3071_p2    |   icmp   |      0|  0|  18|          23|           1|
    |icmp_ln359_3_fu_3083_p2    |   icmp   |      0|  0|  11|           8|           2|
    |icmp_ln359_4_fu_3089_p2    |   icmp   |      0|  0|  18|          23|           1|
    |icmp_ln359_fu_3023_p2      |   icmp   |      0|  0|  18|          32|           1|
    |icmp_ln371_1_fu_3212_p2    |   icmp   |      0|  0|  29|          52|           1|
    |icmp_ln371_fu_3206_p2      |   icmp   |      0|  0|  13|          11|           2|
    |icmp_ln379_fu_3306_p2      |   icmp   |      0|  0|  18|          32|           1|
    |icmp_ln386_1_fu_3375_p2    |   icmp   |      0|  0|  18|          23|           1|
    |icmp_ln386_2_fu_3387_p2    |   icmp   |      0|  0|  11|           8|           2|
    |icmp_ln386_3_fu_3393_p2    |   icmp   |      0|  0|  18|          23|           1|
    |icmp_ln386_fu_3369_p2      |   icmp   |      0|  0|  11|           8|           2|
    |icmp_ln411_fu_3594_p2      |   icmp   |      0|  0|  18|          32|          32|
    |icmp_ln417_1_fu_3654_p2    |   icmp   |      0|  0|   9|           2|           3|
    |icmp_ln417_fu_3640_p2      |   icmp   |      0|  0|   8|           2|           1|
    |icmp_ln432_1_fu_3556_p2    |   icmp   |      0|  0|   8|           2|           1|
    |icmp_ln432_fu_3542_p2      |   icmp   |      0|  0|   8|           2|           1|
    |icmp_ln7_1_fu_2862_p2      |   icmp   |      0|  0|  18|          32|          32|
    |icmp_ln7_2_fu_3451_p2      |   icmp   |      0|  0|   8|           2|           2|
    |icmp_ln7_3_fu_3500_p2      |   icmp   |      0|  0|  18|          32|          32|
    |icmp_ln7_fu_2599_p2        |   icmp   |      0|  0|   8|           2|           2|
    |or_ln110_1_fu_1676_p2      |    or    |      0|  0|   2|           1|           1|
    |or_ln110_fu_1637_p2        |    or    |      0|  0|   2|           1|           1|
    |or_ln271_1_fu_2112_p2      |    or    |      0|  0|   2|           1|           1|
    |or_ln271_fu_2108_p2        |    or    |      0|  0|   2|           1|           1|
    |or_ln288_1_fu_2332_p2      |    or    |      0|  0|   2|           1|           1|
    |or_ln288_fu_2326_p2        |    or    |      0|  0|   2|           1|           1|
    |or_ln312_fu_2395_p2        |    or    |      0|  0|   2|           1|           1|
    |or_ln356_fu_2987_p2        |    or    |      0|  0|   2|           1|           1|
    |or_ln359_1_fu_3077_p2      |    or    |      0|  0|   2|           1|           1|
    |or_ln359_2_fu_3095_p2      |    or    |      0|  0|   2|           1|           1|
    |or_ln359_fu_3112_p2        |    or    |      0|  0|   2|           1|           1|
    |or_ln371_1_fu_2447_p2      |    or    |      0|  0|   2|           1|           1|
    |or_ln371_fu_3230_p2        |    or    |      0|  0|   2|           1|           1|
    |or_ln379_fu_3317_p2        |    or    |      0|  0|   2|           1|           1|
    |or_ln386_1_fu_3381_p2      |    or    |      0|  0|   2|           1|           1|
    |or_ln386_2_fu_3399_p2      |    or    |      0|  0|   2|           1|           1|
    |or_ln386_fu_3328_p2        |    or    |      0|  0|   2|           1|           1|
    |iact_0_3_fu_3548_p3        |  select  |      0|  0|  32|           1|          32|
    |iact_0_6_fu_3562_p3        |  select  |      0|  0|  32|           1|          32|
    |iact_0_7_fu_3570_p3        |  select  |      0|  0|  32|           1|          32|
    |iact_0_8_fu_3578_p3        |  select  |      0|  0|  32|           1|          32|
    |iact_0_9_fu_3586_p3        |  select  |      0|  0|  32|           1|          32|
    |idel_2_fu_3141_p3          |  select  |      0|  0|  32|           1|          32|
    |select_ln271_fu_2128_p3    |  select  |      0|  0|  32|           1|           1|
    |select_ln345_fu_2798_p3    |  select  |      0|  0|   6|           1|           6|
    |select_ln346_fu_2838_p3    |  select  |      0|  0|   6|           1|           6|
    |select_ln386_fu_3417_p3    |  select  |      0|  0|   2|           1|           1|
    |select_ln417_1_fu_3660_p3  |  select  |      0|  0|  32|           1|           1|
    |select_ln417_2_fu_3668_p3  |  select  |      0|  0|  32|           1|          32|
    |select_ln417_3_fu_3676_p3  |  select  |      0|  0|  32|           1|          32|
    |select_ln417_4_fu_3684_p3  |  select  |      0|  0|  32|           1|          32|
    |select_ln417_fu_3646_p3    |  select  |      0|  0|  32|           1|           1|
    |step_fu_3445_p3            |  select  |      0|  0|  32|           1|          32|
    |step_length_fu_3424_p3     |  select  |      0|  0|  32|           1|          32|
    |t1_3_fu_3149_p3            |  select  |      0|  0|  32|           1|          32|
    |xor_ln288_fu_2245_p2       |    xor   |      0|  0|  33|          32|          33|
    |xor_ln291_fu_2348_p2       |    xor   |      0|  0|  33|          32|          33|
    |xor_ln346_fu_2848_p2       |    xor   |      0|  0|  33|          32|          33|
    |xor_ln359_fu_3121_p2       |    xor   |      0|  0|   2|           1|           2|
    |xor_ln379_fu_3312_p2       |    xor   |      0|  0|   2|           2|           1|
    |xor_ln386_fu_3323_p2       |    xor   |      0|  0|   2|           1|           2|
    |xor_ln388_fu_3435_p2       |    xor   |      0|  0|  33|          32|          33|
    |xor_ln400_fu_3481_p2       |    xor   |      0|  0|  33|          32|          33|
    +---------------------------+----------+-------+---+----+------------+------------+
    |Total                      |          |      6|  0|3019|        1843|        1433|
    +---------------------------+----------+-------+---+----+------------+------------+

    * Multiplexer: 
    +----------------------------+------+-----------+-----+-----------+
    |            Name            |  LUT | Input Size| Bits| Total Bits|
    +----------------------------+------+-----------+-----+-----------+
    |C_address0                  |    33|          6|    4|         24|
    |G_0_o                       |    21|          4|   32|        128|
    |G_0_o_ap_vld                |    21|          4|    1|          4|
    |G_1_o                       |    21|          4|   32|        128|
    |G_1_o_ap_vld                |    21|          4|    1|          4|
    |G_2_o                       |    21|          4|   32|        128|
    |G_2_o_ap_vld                |    21|          4|    1|          4|
    |G_3_o                       |    21|          4|   32|        128|
    |G_3_o_ap_vld                |    21|          4|    1|          4|
    |G_4_o                       |    21|          4|   32|        128|
    |G_4_o_ap_vld                |    21|          4|    1|          4|
    |G_5_o                       |    21|          4|   32|        128|
    |G_5_o_ap_vld                |    21|          4|    1|          4|
    |G_6_o                       |    21|          4|   32|        128|
    |G_6_o_ap_vld                |    21|          4|    1|          4|
    |G_7_o                       |    21|          4|   32|        128|
    |G_7_o_ap_vld                |    21|          4|    1|          4|
    |G_8_o                       |    21|          4|   32|        128|
    |G_8_o_ap_vld                |    21|          4|    1|          4|
    |W_xt_0_o                    |     9|          2|   32|         64|
    |W_xt_1_o                    |     9|          2|   32|         64|
    |W_xt_2_o                    |     9|          2|   32|         64|
    |ap_NS_fsm                   |  1469|        331|    1|        331|
    |grp_fu_1389_opcode          |    15|          3|    2|          6|
    |grp_fu_1389_p0              |    53|         12|   32|        384|
    |grp_fu_1389_p1              |    27|          5|   32|        160|
    |grp_fu_1401_p0              |    38|          7|   32|        224|
    |grp_fu_1401_p1              |    41|          8|   32|        256|
    |grp_fu_1409_p0              |    15|          3|   32|         96|
    |grp_fu_1409_p1              |    15|          3|   32|         96|
    |grp_fu_1416_p0              |    15|          3|   64|        192|
    |grp_fu_1419_p0              |    33|          6|   32|        192|
    |grp_fu_1423_p0              |    15|          3|   32|         96|
    |grp_fu_1429_opcode          |    21|          4|    5|         20|
    |grp_fu_1429_p0              |    27|          5|   32|        160|
    |grp_fu_1429_p1              |    27|          5|   32|        160|
    |grp_fu_1445_p0              |    15|          3|   64|        192|
    |grp_fu_1445_p1              |    15|          3|   64|        192|
    |grp_fu_1452_p1              |    15|          3|   64|        192|
    |grp_fu_1458_p0              |    15|          3|   64|        192|
    |grp_fu_1458_p1              |    15|          3|   64|        192|
    |grp_fu_1462_opcode          |    15|          3|    5|         15|
    |grp_fu_1462_p0              |    27|          5|   64|        320|
    |grp_fu_1462_p1              |    15|          3|   64|        192|
    |i11_0_reg_883               |     9|          2|    2|          4|
    |i12_0_reg_919               |     9|          2|    2|          4|
    |i14_0_reg_953               |     9|          2|   31|         62|
    |i15_0_in_reg_964            |     9|          2|   32|         64|
    |i16_0_reg_1024              |     9|          2|   31|         62|
    |i18_0_reg_1205              |     9|          2|   32|         64|
    |i1_0_reg_506                |     9|          2|    5|         10|
    |i3_0_reg_517                |     9|          2|    2|          4|
    |i4_0_in_reg_539             |     9|          2|   32|         64|
    |i5_0_reg_548                |     9|          2|    2|          4|
    |i6_0_reg_560                |     9|          2|    2|          4|
    |i7_0_reg_678                |     9|          2|    2|          4|
    |i8_0_reg_714                |     9|          2|   31|         62|
    |i9_0_reg_725                |     9|          2|    2|          4|
    |i_0_i102_reg_1273           |     9|          2|    2|          4|
    |i_0_i17_reg_908             |     9|          2|    2|          4|
    |i_0_i1_reg_583              |     9|          2|    2|          4|
    |i_0_i27_reg_941             |     9|          2|    2|          4|
    |i_0_i33_reg_975             |     9|          2|   31|         62|
    |i_0_i46_reg_1101            |     9|          2|    2|          4|
    |i_0_i61_reg_1124            |     9|          2|    2|          4|
    |i_0_i77_reg_1149            |     9|          2|    2|          4|
    |i_0_i88_reg_1161            |     9|          2|   31|         62|
    |i_0_i9_reg_702              |     9|          2|    2|          4|
    |i_0_reg_483                 |     9|          2|    5|         10|
    |i_15_be_reg_1053            |    15|          3|   32|         96|
    |i_15_reg_998                |     9|          2|   32|         64|
    |iact_0_2_reg_594            |     9|          2|   32|         64|
    |iact_0_4_reg_1172           |     9|          2|   32|         64|
    |iact_0_5_reg_1216           |     9|          2|   32|         64|
    |iact_0_reg_784              |     9|          2|   32|         64|
    |iact_1_2_reg_606            |     9|          2|   32|         64|
    |iact_1_3_reg_795            |     9|          2|   32|         64|
    |iact_1_4_reg_1183           |     9|          2|   32|         64|
    |iact_1_5_reg_1231           |     9|          2|   32|         64|
    |iact_2_2_reg_618            |     9|          2|   32|         64|
    |iact_2_3_reg_806            |     9|          2|   32|         64|
    |iact_2_4_reg_1194           |     9|          2|   32|         64|
    |iact_2_5_reg_1246           |     9|          2|   32|         64|
    |iact_2_be_reg_772           |     9|          2|   32|         64|
    |iact_2_reg_748              |     9|          2|   32|         64|
    |idel_1_reg_839              |     9|          2|   32|         64|
    |j13_0_reg_930               |     9|          2|   32|         64|
    |j_0_reg_528                 |     9|          2|    2|          4|
    |j_1_reg_861                 |     9|          2|   32|         64|
    |max_violation_0_be_reg_760  |     9|          2|   32|         64|
    |max_violation_0_reg_736     |     9|          2|   32|         64|
    |nact_0_reg_654              |     9|          2|   32|         64|
    |reg_1566                    |     9|          2|   32|         64|
    |reg_1577                    |     9|          2|   32|         64|
    |result_0_i101_reg_1261      |     9|          2|   32|         64|
    |result_0_i16_reg_895        |     9|          2|   32|         64|
    |result_0_i45_reg_1089       |     9|          2|   32|         64|
    |result_0_i8_reg_690         |     9|          2|   32|         64|
    |result_0_i_reg_571          |     9|          2|   32|         64|
    |slack_0_be_reg_1285         |     9|          2|   32|         64|
    |slack_0_reg_817             |     9|          2|   32|         64|
    |t1_1_reg_850                |     9|          2|   32|         64|
    |t1_2_be_reg_1071            |    15|          3|   32|         96|
    |t1_2_reg_1011               |     9|          2|   32|         64|
    |t1inf_0_be_reg_1035         |    15|          3|   32|         96|
    |t1inf_0_reg_986             |     9|          2|   32|         64|
    |t2_1_reg_872                |     9|          2|   32|         64|
    |t2_2_reg_1136               |     9|          2|   32|         64|
    |u_0_reg_827                 |     9|          2|   32|         64|
    |vsmall_0_i_reg_494          |     9|          2|   64|        128|
    |work_address0               |    89|         18|    5|         90|
    |work_address1               |    59|         14|    5|         70|
    |work_d0                     |    41|          8|   32|        256|
    |work_d1                     |    27|          5|   32|        160|
    |xv_address0                 |    44|          9|    2|         18|
    |xv_ce0                      |    21|          4|    1|          4|
    |xv_d0                       |    27|          5|   32|        160|
    |xv_we0                      |    21|          4|    1|          4|
    |ztn_reg_1112                |     9|          2|   32|         64|
    +----------------------------+------+-----------+-----+-----------+
    |Total                       |  3331|        712| 2989|       9396|
    +----------------------------+------+-----------+-----+-----------+

    * Register: 
    +-----------------------------------------------+-----+----+-----+-----------+
    |                      Name                     |  FF | LUT| Bits| Const Bits|
    +-----------------------------------------------+-----+----+-----+-----------+
    |add_ln18_2_reg_4144                            |    4|   0|    4|          0|
    |add_ln237_reg_3863                             |    4|   0|    4|          0|
    |add_ln345_reg_4241                             |   32|   0|   32|          0|
    |add_ln424_1_reg_4106                           |    5|   0|    5|          0|
    |add_ln9_reg_4193                               |    4|   0|    4|          0|
    |and_ln110_reg_3807                             |    1|   0|    1|          0|
    |and_ln312_reg_4101                             |    1|   0|    1|          0|
    |and_ln371_1_reg_4417                           |    1|   0|    1|          0|
    |ap_CS_fsm                                      |  330|   0|  330|          0|
    |bitcast_ln271_reg_3933                         |   64|   0|   64|          0|
    |bitcast_ln346_1_reg_4283                       |   32|   0|   32|          0|
    |bitcast_ln400_1_reg_4509                       |   32|   0|   32|          0|
    |grp_cholesky_fu_1297_ap_start_reg              |    1|   0|    1|          0|
    |grp_triangular_invert_fu_1319_ap_start_reg     |    1|   0|    1|          0|
    |grp_triangular_solve_fu_1365_ap_start_reg      |    1|   0|    1|          0|
    |grp_triangular_solve_tra_fu_1341_ap_start_reg  |    1|   0|    1|          0|
    |i11_0_reg_883                                  |    2|   0|    2|          0|
    |i12_0_reg_919                                  |    2|   0|    2|          0|
    |i14_0_reg_953                                  |   31|   0|   31|          0|
    |i15_0_in_reg_964                               |   32|   0|   32|          0|
    |i16_0_reg_1024                                 |   31|   0|   31|          0|
    |i18_0_reg_1205                                 |   32|   0|   32|          0|
    |i1_0_reg_506                                   |    5|   0|    5|          0|
    |i3_0_reg_517                                   |    2|   0|    2|          0|
    |i4_0_in_reg_539                                |   32|   0|   32|          0|
    |i5_0_reg_548                                   |    2|   0|    2|          0|
    |i6_0_reg_560                                   |    2|   0|    2|          0|
    |i7_0_reg_678                                   |    2|   0|    2|          0|
    |i8_0_reg_714                                   |   31|   0|   31|          0|
    |i9_0_reg_725                                   |    2|   0|    2|          0|
    |i_0_i102_reg_1273                              |    2|   0|    2|          0|
    |i_0_i17_reg_908                                |    2|   0|    2|          0|
    |i_0_i1_reg_583                                 |    2|   0|    2|          0|
    |i_0_i27_reg_941                                |    2|   0|    2|          0|
    |i_0_i33_reg_975                                |   31|   0|   31|          0|
    |i_0_i46_reg_1101                               |    2|   0|    2|          0|
    |i_0_i61_reg_1124                               |    2|   0|    2|          0|
    |i_0_i77_reg_1149                               |    2|   0|    2|          0|
    |i_0_i88_reg_1161                               |   31|   0|   31|          0|
    |i_0_i9_reg_702                                 |    2|   0|    2|          0|
    |i_0_reg_483                                    |    5|   0|    5|          0|
    |i_12_reg_4126                                  |    2|   0|    2|          0|
    |i_13_reg_4139                                  |    2|   0|    2|          0|
    |i_14_reg_4188                                  |    2|   0|    2|          0|
    |i_15_be_reg_1053                               |   32|   0|   32|          0|
    |i_15_reg_998                                   |   32|   0|   32|          0|
    |i_16_reg_4216                                  |   31|   0|   31|          0|
    |i_17_reg_4231                                  |   32|   0|   32|          0|
    |i_20_reg_4291                                  |   31|   0|   31|          0|
    |i_26_reg_4382                                  |    2|   0|    2|          0|
    |i_27_reg_4426                                  |    2|   0|    2|          0|
    |i_28_reg_4499                                  |    2|   0|    2|          0|
    |i_29_reg_4522                                  |   31|   0|   31|          0|
    |i_30_reg_4601                                  |   32|   0|   32|          0|
    |i_31_reg_4609                                  |    2|   0|    2|          0|
    |i_32_reg_4026                                  |    2|   0|    2|          0|
    |i_33_reg_4309                                  |   31|   0|   31|          0|
    |i_3_reg_3868                                   |   32|   0|   32|          0|
    |i_4_reg_3882                                   |    2|   0|    2|          0|
    |i_5_reg_3900                                   |    2|   0|    2|          0|
    |i_6_reg_3913                                   |    2|   0|    2|          0|
    |i_8_reg_3952                                   |    2|   0|    2|          0|
    |i_9_reg_3965                                   |    2|   0|    2|          0|
    |iact_0_2_reg_594                               |   32|   0|   32|          0|
    |iact_0_3_reg_4543                              |   32|   0|   32|          0|
    |iact_0_4_reg_1172                              |   32|   0|   32|          0|
    |iact_0_5_reg_1216                              |   32|   0|   32|          0|
    |iact_0_7_reg_4548                              |   32|   0|   32|          0|
    |iact_0_9_reg_4553                              |   32|   0|   32|          0|
    |iact_0_reg_784                                 |   32|   0|   32|          0|
    |iact_1_2_reg_606                               |   32|   0|   32|          0|
    |iact_1_3_reg_795                               |   32|   0|   32|          0|
    |iact_1_4_reg_1183                              |   32|   0|   32|          0|
    |iact_1_5_reg_1231                              |   32|   0|   32|          0|
    |iact_2_2_reg_618                               |   32|   0|   32|          0|
    |iact_2_3_reg_806                               |   32|   0|   32|          0|
    |iact_2_4_reg_1194                              |   32|   0|   32|          0|
    |iact_2_5_reg_1246                              |   32|   0|   32|          0|
    |iact_2_be_reg_772                              |   32|   0|   32|          0|
    |iact_2_reg_748                                 |   32|   0|   32|          0|
    |icmp_ln110_1_reg_3802                          |    1|   0|    1|          0|
    |icmp_ln110_2_reg_3817                          |    1|   0|    1|          0|
    |icmp_ln110_3_reg_3822                          |    1|   0|    1|          0|
    |icmp_ln110_reg_3797                            |    1|   0|    1|          0|
    |icmp_ln220_reg_3846                            |    1|   0|    1|          0|
    |icmp_ln271_1_reg_4000                          |    1|   0|    1|          0|
    |icmp_ln271_2_reg_3985                          |    1|   0|    1|          0|
    |icmp_ln271_3_reg_3938                          |    1|   0|    1|          0|
    |icmp_ln271_reg_3995                            |    1|   0|    1|          0|
    |icmp_ln288_2_reg_4066                          |    1|   0|    1|          0|
    |icmp_ln288_3_reg_4071                          |    1|   0|    1|          0|
    |icmp_ln300_reg_4042                            |    1|   0|    1|          0|
    |icmp_ln371_1_reg_4407                          |    1|   0|    1|          0|
    |icmp_ln371_2_reg_4051                          |    1|   0|    1|          0|
    |icmp_ln371_reg_4402                            |    1|   0|    1|          0|
    |icmp_ln379_reg_4466                            |    1|   0|    1|          0|
    |idel_04_reg_630                                |   32|   0|   32|          0|
    |idel_1_reg_839                                 |   32|   0|   32|          0|
    |j13_0_reg_930                                  |   32|   0|   32|          0|
    |j_0_reg_528                                    |    2|   0|    2|          0|
    |j_1_reg_861                                    |   32|   0|   32|          0|
    |j_reg_3858                                     |    2|   0|    2|          0|
    |max_violation_0_be_reg_760                     |   32|   0|   32|          0|
    |max_violation_0_reg_736                        |   32|   0|   32|          0|
    |mul_ln345_reg_4251                             |   32|   0|   32|          0|
    |mul_ln346_reg_4258                             |   32|   0|   32|          0|
    |nact_0_reg_654                                 |   32|   0|   32|          0|
    |nact_1_reg_4571                                |   32|   0|   32|          0|
    |or_ln356_reg_4328                              |    1|   0|    1|          0|
    |or_ln371_1_reg_4118                            |    1|   0|    1|          0|
    |reg_1523                                       |   64|   0|   64|          0|
    |reg_1528                                       |   32|   0|   32|          0|
    |reg_1534                                       |   32|   0|   32|          0|
    |reg_1540                                       |   32|   0|   32|          0|
    |reg_1552                                       |   32|   0|   32|          0|
    |reg_1558                                       |   32|   0|   32|          0|
    |reg_1566                                       |   32|   0|   32|          0|
    |reg_1577                                       |   32|   0|   32|          0|
    |reg_1586                                       |   64|   0|   64|          0|
    |result_0_i101_reg_1261                         |   32|   0|   32|          0|
    |result_0_i16_reg_895                           |   32|   0|   32|          0|
    |result_0_i45_reg_1089                          |   32|   0|   32|          0|
    |result_0_i8_reg_690                            |   32|   0|   32|          0|
    |result_0_i_reg_571                             |   32|   0|   32|          0|
    |select_ln271_reg_4010                          |   32|   0|   32|          0|
    |select_ln346_reg_4278                          |    6|   0|    6|          0|
    |select_ln386_reg_4479                          |    1|   0|    1|          0|
    |select_ln417_2_reg_4581                        |   32|   0|   32|          0|
    |select_ln417_4_reg_4586                        |   32|   0|   32|          0|
    |select_ln417_reg_4576                          |   32|   0|   32|          0|
    |slack_0_be_reg_1285                            |   32|   0|   32|          0|
    |slack_0_reg_817                                |   32|   0|   32|          0|
    |slack_1_reg_4629                               |   32|   0|   32|          0|
    |slack_reg_4094                                 |   32|   0|   32|          0|
    |step_length_reg_4483                           |   32|   0|   32|          0|
    |step_reg_4489                                  |   32|   0|   32|          0|
    |sub_ln18_reg_4131                              |    4|   0|    4|          0|
    |sub_ln257_reg_3905                             |    5|   0|    5|          0|
    |sub_ln270_reg_3957                             |    5|   0|    5|          0|
    |t1_03_reg_642                                  |   32|   0|   32|          0|
    |t1_1_reg_850                                   |   32|   0|   32|          0|
    |t1_2_be_reg_1071                               |   32|   0|   32|          0|
    |t1_2_reg_1011                                  |   32|   0|   32|          0|
    |t1inf_0_be_reg_1035                            |   32|   0|   32|          0|
    |t1inf_0_reg_986                                |   32|   0|   32|          0|
    |t2_02_reg_666                                  |   32|   0|   32|          0|
    |t2_1_reg_872                                   |   32|   0|   32|          0|
    |t2_2_reg_1136                                  |   32|   0|   32|          0|
    |tmp_10_reg_4344                                |   64|   0|   64|          0|
    |tmp_11_reg_3975                                |   32|   0|   32|          0|
    |tmp_20_reg_4451                                |   64|   0|   64|          0|
    |tmp_23_reg_4113                                |   32|   0|   32|          0|
    |tmp_28_reg_4263                                |    1|   0|    1|          0|
    |tmp_35_i_reg_3811                              |   64|   0|   64|          0|
    |tmp_37_reg_4359                                |    1|   0|    1|          0|
    |tmp_6_reg_3928                                 |   64|   0|   64|          0|
    |tmp_8_reg_3923                                 |   32|   0|   32|          0|
    |tmp_i_11_reg_3791                              |   64|   0|   64|          0|
    |trunc_ln341_reg_4221                           |    6|   0|    6|          0|
    |trunc_ln346_2_reg_4268                         |    6|   0|    6|          0|
    |trunc_ln356_reg_4315                           |    6|   0|    6|          0|
    |trunc_ln368_1_reg_4397                         |   63|   0|   63|          0|
    |trunc_ln368_2_reg_4349                         |   63|   0|   63|          0|
    |trunc_ln368_3_reg_4446                         |   63|   0|   63|          0|
    |trunc_ln368_reg_3990                           |   63|   0|   63|          0|
    |trunc_ln413_reg_4561                           |    6|   0|    6|          0|
    |trunc_ln9_reg_4180                             |    4|   0|    4|          0|
    |u_0_reg_827                                    |   32|   0|   32|          0|
    |u_reg_4537                                     |   32|   0|   32|          0|
    |vsmall_0_i_reg_494                             |   64|   0|   64|          0|
    |vsmall_reg_3784                                |   64|   0|   64|          0|
    |work_addr_11_reg_4208                          |    3|   0|    5|          2|
    |work_addr_15_reg_4246                          |    5|   0|    5|          0|
    |work_addr_17_reg_4301                          |    5|   0|    5|          0|
    |work_addr_24_reg_4532                          |    5|   0|    5|          0|
    |xor_ln379_reg_4471                             |    1|   0|    1|          0|
    |xv_addr_3_reg_4514                             |    2|   0|    2|          0|
    |zext_ln255_reg_3892                            |    2|   0|    5|          3|
    |zext_ln268_reg_3944                            |    2|   0|    5|          3|
    |zext_ln288_reg_4032                            |    2|   0|    5|          3|
    |ztn_reg_1112                                   |   32|   0|   32|          0|
    +-----------------------------------------------+-----+----+-----+-----------+
    |Total                                          | 4091|   0| 4102|         11|
    +-----------------------------------------------+-----+----+-----+-----------+



================================================================
== Interface
================================================================
* Summary: 
+-----------------+-----+-----+------------+--------------+--------------+
|    RTL Ports    | Dir | Bits|  Protocol  | Source Object|    C Type    |
+-----------------+-----+-----+------------+--------------+--------------+
|ap_clk           |  in |    1| ap_ctrl_hs |   solve_qp   | return value |
|ap_rst           |  in |    1| ap_ctrl_hs |   solve_qp   | return value |
|ap_start         |  in |    1| ap_ctrl_hs |   solve_qp   | return value |
|ap_done          | out |    1| ap_ctrl_hs |   solve_qp   | return value |
|ap_idle          | out |    1| ap_ctrl_hs |   solve_qp   | return value |
|ap_ready         | out |    1| ap_ctrl_hs |   solve_qp   | return value |
|xv_address0      | out |    2|  ap_memory |      xv      |     array    |
|xv_ce0           | out |    1|  ap_memory |      xv      |     array    |
|xv_we0           | out |    1|  ap_memory |      xv      |     array    |
|xv_d0            | out |   32|  ap_memory |      xv      |     array    |
|xv_q0            |  in |   32|  ap_memory |      xv      |     array    |
|W_xt_0_i         |  in |   32|   ap_ovld  |    W_xt_0    |    pointer   |
|W_xt_0_o         | out |   32|   ap_ovld  |    W_xt_0    |    pointer   |
|W_xt_0_o_ap_vld  | out |    1|   ap_ovld  |    W_xt_0    |    pointer   |
|W_xt_1_i         |  in |   32|   ap_ovld  |    W_xt_1    |    pointer   |
|W_xt_1_o         | out |   32|   ap_ovld  |    W_xt_1    |    pointer   |
|W_xt_1_o_ap_vld  | out |    1|   ap_ovld  |    W_xt_1    |    pointer   |
|W_xt_2_i         |  in |   32|   ap_ovld  |    W_xt_2    |    pointer   |
|W_xt_2_o         | out |   32|   ap_ovld  |    W_xt_2    |    pointer   |
|W_xt_2_o_ap_vld  | out |    1|   ap_ovld  |    W_xt_2    |    pointer   |
|G_0_i            |  in |   32|   ap_ovld  |      G_0     |    pointer   |
|G_0_o            | out |   32|   ap_ovld  |      G_0     |    pointer   |
|G_0_o_ap_vld     | out |    1|   ap_ovld  |      G_0     |    pointer   |
|G_1_i            |  in |   32|   ap_ovld  |      G_1     |    pointer   |
|G_1_o            | out |   32|   ap_ovld  |      G_1     |    pointer   |
|G_1_o_ap_vld     | out |    1|   ap_ovld  |      G_1     |    pointer   |
|G_2_i            |  in |   32|   ap_ovld  |      G_2     |    pointer   |
|G_2_o            | out |   32|   ap_ovld  |      G_2     |    pointer   |
|G_2_o_ap_vld     | out |    1|   ap_ovld  |      G_2     |    pointer   |
|G_3_i            |  in |   32|   ap_ovld  |      G_3     |    pointer   |
|G_3_o            | out |   32|   ap_ovld  |      G_3     |    pointer   |
|G_3_o_ap_vld     | out |    1|   ap_ovld  |      G_3     |    pointer   |
|G_4_i            |  in |   32|   ap_ovld  |      G_4     |    pointer   |
|G_4_o            | out |   32|   ap_ovld  |      G_4     |    pointer   |
|G_4_o_ap_vld     | out |    1|   ap_ovld  |      G_4     |    pointer   |
|G_5_i            |  in |   32|   ap_ovld  |      G_5     |    pointer   |
|G_5_o            | out |   32|   ap_ovld  |      G_5     |    pointer   |
|G_5_o_ap_vld     | out |    1|   ap_ovld  |      G_5     |    pointer   |
|G_6_i            |  in |   32|   ap_ovld  |      G_6     |    pointer   |
|G_6_o            | out |   32|   ap_ovld  |      G_6     |    pointer   |
|G_6_o_ap_vld     | out |    1|   ap_ovld  |      G_6     |    pointer   |
|G_7_i            |  in |   32|   ap_ovld  |      G_7     |    pointer   |
|G_7_o            | out |   32|   ap_ovld  |      G_7     |    pointer   |
|G_7_o_ap_vld     | out |    1|   ap_ovld  |      G_7     |    pointer   |
|G_8_i            |  in |   32|   ap_ovld  |      G_8     |    pointer   |
|G_8_o            | out |   32|   ap_ovld  |      G_8     |    pointer   |
|G_8_o_ap_vld     | out |    1|   ap_ovld  |      G_8     |    pointer   |
+-----------------+-----+-----+------------+--------------+--------------+

